<?xml version="1.0" encoding="utf-8"?><testsuite errors="0" failures="0" name="pytest" skipped="0" tests="10" time="0.134"><testcase classname="test.test_formater.TestFormater" file="test/test_formater.py" line="30" name="test_format_to_json" time="0.001"></testcase><testcase classname="test.test_formater.TestFormater" file="test/test_formater.py" line="34" name="test_format_to_xml" time="0.000"></testcase><testcase classname="test.test_formater.TestFormater" file="test/test_formater.py" line="19" name="test_plain_lowercase" time="0.000"></testcase><testcase classname="test.test_formater.TestFormater" file="test/test_formater.py" line="26" name="test_plain_text" time="0.000"></testcase><testcase classname="test.test_formater.TestFormater" file="test/test_formater.py" line="12" name="test_plain_uppercase" time="0.001"></testcase><testcase classname="test.test_views.FlaskTestCase" file="test/test_views.py" line="14" name="test_msg_with_output_json" time="0.013"></testcase><testcase classname="test.test_views.FlaskTestCase" file="test/test_views.py" line="24" name="test_msg_with_output_name_json" time="0.001"></testcase><testcase classname="test.test_views.FlaskTestCase" file="test/test_views.py" line="28" name="test_msg_with_output_name_xml" time="0.001"></testcase><testcase classname="test.test_views.FlaskTestCase" file="test/test_views.py" line="18" name="test_msg_with_output_xml" time="0.001"></testcase><testcase classname="test.test_views.FlaskTestCase" file="test/test_views.py" line="10" name="test_outputs" time="0.001"></testcase></testsuite>